// Jest Snapshot v1, https://goo.gl/fbAQLP

exports[`Model Numeric should create instance 1`] = `"{\\"value\\":\\"2012-11-11\\",\\"field\\":{\\"displayName\\":\\"测试\\"},\\"moment\\":{}}"`;
