// Jest Snapshot v1, https://goo.gl/fbAQLP

exports[`Model Presentation should create instance 1`] = `"{\\"value\\":\\"test\\",\\"field\\":{\\"displayName\\":\\"测试\\"}}"`;
